<!doctype html><html lang="en-US"><head><meta charset="UTF-8"><meta name="viewport" content="width=device-width, initial-scale=1.0"><meta name="description" content="A test blog for verification"><title>Tags - Test Blog</title><script src="https://cdn.tailwindcss.com"></script><style type="text/tailwindcss">
				@layer utilities {
					.markdown p {
						@apply mb-2;
					}

					.markdown pre {
						@apply rounded border p-2 text-sm overflow-x-scroll mb-2;
					}

					.markdown h1 {
						@apply text-lg font-semibold border-b-4 border-dotted mb-2;
					}

					.markdown h2 {
						@apply text-lg font-light border-b border-dashed my-2;
					}

					.markdown ol {
						@apply list-decimal list-inside;
					}

					.markdown a {
						@apply hover:underline text-blue-500;
					}
				}
			</style><link rel="alternate" type="application/rss+xml" title="Test Blog - RSS Feed" href="rss.xml"><link rel="manifest" href="manifest.webmanifest"></head><body><header class="border-b py-2"><div class="px-4 sm:w-3/4 mx-auto flex justify-between align-center"><a class="inline-flex items-center gap-2 text-xl font-bold" href="/"><svg xmlns="http://www.w3.org/2000/svg" fill="none" viewBox="0 0 24 24" stroke-width="1.5" stroke="currentColor" class="w-6 h-6"><path stroke-linecap="round" stroke-linejoin="round" d="m2.25 12 8.954-8.955c.44-.439 1.152-.439 1.591 0L21.75 12M4.5 9.75v10.125c0 .621.504 1.125 1.125 1.125H9.75v-4.875c0-.621.504-1.125 1.125-1.125h2.25c.621 0 1.125.504 1.125 1.125V21h4.125c.621 0 1.125-.504 1.125-1.125V9.75M8.25 21h8.25"></path></svg>Test Blog</a><nav class="hidden sm:flex sm:items-center"><a class="pl-2 hover:underline" href="/archive">archive</a> <a class="pl-2 hover:underline" href="/tags">tags</a> <a class="pl-2 hover:underline" href="rss.xml"><svg xmlns="http://www.w3.org/2000/svg" fill="none" viewBox="0 0 24 24" stroke-width="1.5" stroke="currentColor" class="w-4 h-4"><path stroke-linecap="round" stroke-linejoin="round" d="M12.75 19.5v-.75a7.5 7.5 0 0 0-7.5-7.5H4.5m0-6.75h.75c7.87 0 14.25 6.38 14.25 14.25v.75M6 18.75a.75.75 0 1 1-1.5 0 .75.75 0 0 1 1.5 0Z"></path></svg></a></nav><a class="flex items-center sm:hidden" href="#bottom-nav"><svg xmlns="http://www.w3.org/2000/svg" fill="none" viewBox="0 0 24 24" stroke-width="1.5" stroke="currentColor" class="w-6 h-6"><path stroke-linecap="round" stroke-linejoin="round" d="M3.75 6.75h16.5M3.75 12h16.5m-16.5 5.25h16.5"></path></svg></a></div></header><main class="py-6"><div class="px-4 sm:w-3/4 mx-auto"><ul><li><a class="hover:underline" href="/tags/example">example (2)</a></li><li><a class="hover:underline" href="/tags/test">test (2)</a></li></ul></div></main><footer class="border-t pb-2 sm:py-2"><nav class="flex flex-col pb-2 sm:hidden"><a class="border-b py-2 hover:bg-gray-100 text-center" href="/">home</a> <a class="border-b py-2 hover:bg-gray-100 text-center" href="/archive">archive</a> <a class="border-b py-2 hover:bg-gray-100 text-center" href="/tags">tags</a> <a class="border-b py-2 hover:bg-gray-100 text-center inline-flex items-center justify-center gap-1" href="rss.xml"><svg xmlns="http://www.w3.org/2000/svg" fill="none" viewBox="0 0 24 24" stroke-width="1.5" stroke="currentColor" class="w-4 h-4"><path stroke-linecap="round" stroke-linejoin="round" d="M12.75 19.5v-.75a7.5 7.5 0 0 0-7.5-7.5H4.5m0-6.75h.75c7.87 0 14.25 6.38 14.25 14.25v.75M6 18.75a.75.75 0 1 1-1.5 0 .75.75 0 0 1 1.5 0Z"></path></svg>rss</a> <a id="bottom-nav" class="border-b py-2 hover:bg-gray-100 text-center" href="#">top</a></nav><div class="px-4 sm:w-3/4 mx-auto flex flex-col items-center sm:flex-row justify-between"><div class="font-extralight text-gray-500">Â© 2024-<span id="current-year"></span> Test Author</div><div class="hidden sm:block"><a class="inline-flex items-center gap-1 hover:underline" href="#">Back to top<svg xmlns="http://www.w3.org/2000/svg" fill="none" viewBox="0 0 24 24" stroke-width="1.5" stroke="currentColor" class="w-4 h-4"><path fill-rule="evenodd" d="M10 17a.75.75 0 0 1-.75-.75V5.612L5.29 9.77a.75.75 0 0 1-1.08-1.04l5.25-5.5a.75.75 0 0 1 1.08 0l5.25 5.5a.75.75 0 1 1-1.08 1.04l-3.96-4.158V16.25A.75.75 0 0 1 10 17Z" clip-rule="evenodd"></path></svg></a></div></div></footer><script>
				document.getElementById("current-year").textContent =
					new Date().getFullYear();
			</script><script src="/__dev__/reload.js"></script></body></html>